no richfuckrichlog initfuck
rich
log init
fuck
rich
log init
fuck
rich
log init
fuck
rich
log init
fuck
rich
log init
fuck
rich
log init
fuck
rich
log init
fuck
rich
log init
fuck
rich
log init
fuck
rich
log init
fuck
rich
log init
fuck
rich
log init
fuck
rich
log init
fuck
rich
log init
